// Jest Snapshot v1, https://goo.gl/fbAQLP

exports[`NewsList Component should render NewsList 1`] = `
<div>
  <div>
    <select
      data-cy="selectTopic"
      onChange={[Function]}
      value="topic-1"
    >
      <option
        key="arts"
        value="arts"
      >
        arts
      </option>
      <option
        key="automobiles"
        value="automobiles"
      >
        automobiles
      </option>
      <option
        key="books"
        value="books"
      >
        books
      </option>
      <option
        key="business"
        value="business"
      >
        business
      </option>
      <option
        key="fashion"
        value="fashion"
      >
        fashion
      </option>
      <option
        key="food"
        value="food"
      >
        food
      </option>
      <option
        key="health"
        value="health"
      >
        health
      </option>
      <option
        key="home"
        value="home"
      >
        home
      </option>
      <option
        key="insider"
        value="insider"
      >
        insider
      </option>
      <option
        key="magazine"
        value="magazine"
      >
        magazine
      </option>
      <option
        key="movies"
        value="movies"
      >
        movies
      </option>
      <option
        key="national"
        value="national"
      >
        national
      </option>
    </select>
  </div>
  <div>
    <div
      data-cy="listItem"
      key="url-1"
      onClick={[Function]}
    >
      <div>
        title-1
      </div>
      <button
        data-index={0}
      >
        Details
      </button>
    </div>
  </div>
</div>
`;
